// Jest Snapshot v1, https://goo.gl/fbAQLP

exports[`TransactionList component should match the snapshot 1`] = `
<div>
  <h3>
    History
  </h3>
  <ul
    class="list"
  >
    <li
      class="minus"
      data-testid="sidePanelColor"
    >
      Flower
       
      <span>
        -
        $
        20
      </span>
      <button
        class="delete-btn"
      >
        x
      </button>
    </li>
    <li
      class="plus"
      data-testid="sidePanelColor"
    >
      Salary
       
      <span>
        +
        $
        300
      </span>
      <button
        class="delete-btn"
      >
        x
      </button>
    </li>
    <li
      class="minus"
      data-testid="sidePanelColor"
    >
      Book
       
      <span>
        -
        $
        10
      </span>
      <button
        class="delete-btn"
      >
        x
      </button>
    </li>
    <li
      class="plus"
      data-testid="sidePanelColor"
    >
      Camera
       
      <span>
        +
        $
        150
      </span>
      <button
        class="delete-btn"
      >
        x
      </button>
    </li>
  </ul>
</div>
`;
